{
    "contraCheque": [
        {
            "idContraCheque": "mpmt/07/2019/1",
            "chaveColeta": "mpmt/07/2019",
            "nome": "WILLIAN OGUIDO OGAMA",
            "matricula": "1348",
            "funcao": "PROMOTOR DE JUSTICA                                                   ",
            "localTrabalho": "PROMOTORIA DE VERA                                                                                                                                                                                                                                        ",
            "ativo": true,
            "remuneracoes": {
                "remuneracao": [
                    {
                        "categoria": "contracheque",
                        "item": "Remuneração do Cargo Efetivo",
                        "valor": 30404.41
                    },
                    {
                        "categoria": "contracheque",
                        "item": "Outras Verbas Remuneratórias, Legais ou Judiciais",
                        "tipoReceita": "O"
                    },
                    {
                        "categoria": "contracheque",
                        "item": "Função de Confiança ou Cargo em Comissão",
                        "tipoReceita": "O"
                    },
                    {
                        "categoria": "contracheque",
                        "item": "Gratificação Natalina",
                        "valor": 18242.65,
                        "tipoReceita": "O"
                    },
                    {
                        "categoria": "contracheque",
                        "item": "Férias (1/3 constitucional)",
                        "tipoReceita": "O"
                    },
                    {
                        "categoria": "contracheque",
                        "item": "Abono de Permanência",
                        "tipoReceita": "O"
                    },
                    {
                        "natureza": "D",
                        "categoria": "contracheque",
                        "item": "Contribuição Previdenciária",
                        "valor": -3344.48
                    },
                    {
                        "natureza": "D",
                        "categoria": "contracheque",
                        "item": "Imposto de Renda",
                        "valor": -7262.16
                    },
                    {
                        "natureza": "D",
                        "categoria": "contracheque",
                        "item": "Retenção por Teto Constitucional"
                    },
                    {
                        "categoria": "indenizações",
                        "item": "Auxílio-Alimentação",
                        "valor": 1500.0,
                        "tipoReceita": "O"
                    },
                    {
                        "categoria": "indenizações",
                        "item": "Auxílio-Creche",
                        "tipoReceita": "O"
                    },
                    {
                        "categoria": "indenizações",
                        "item": "Auxílio-Moradia",
                        "tipoReceita": "O"
                    },
                    {
                        "categoria": "indenizações",
                        "item": "Auxílio-Transporte",
                        "valor": 3040.44,
                        "tipoReceita": "O"
                    },
                    {
                        "categoria": "indenizações",
                        "item": "Gratificação",
                        "valor": 2888.42,
                        "tipoReceita": "O"
                    },
                    {
                        "categoria": "indenizações",
                        "item": "Outras Remunerações",
                        "tipoReceita": "O"
                    }
                ]
            }
        }
    ]
}